*$FROM LibraryEx
$EXTERN Map;

*$FROM Api/ApiUtils
$EXTERN CreateResponse, CreateParametersErrorResponse;

*$FROM Models/DashboardModel
$EXTERN Dashboard-Digest;


$ENTRY GetDashboardsHandler {
  t.Ctx t.Headers
  (Object /* empty */)
    , t.Ctx : (Array e.Dashboards)
    = t.Ctx <CreateResponse 200 (Array <Map Dashboard-Digest e.Dashboards>)>;

  t.Ctx t.Headers t.Json
    = t.Ctx <CreateParametersErrorResponse t.Json '{}'>;
}
