*$FROM LibraryEx
$EXTERN Apply;


$ENTRY UnBracket {
  /* empty */ = /* empty */;
  (e.Value) e.Terms = e.Value <UnBracket e.Terms>;
}


$ENTRY TryMap {
  t.Func e.Items = <Do-TryMap () t.Func e.Items>;
}


Do-TryMap {
  (e.MappedItems) t.Func t.Item e.Items
    , <Apply t.Func t.Item>
    : {
      Success t.MappedItem = <Do-TryMap (e.MappedItems t.MappedItem) t.Func e.Items>;
      Fails e.Error = Fails e.Error;
    };

  (e.MappedItems) t.Func /* empty */ = Success e.MappedItems;
}
